2026-05-05 22:58:55 DEBUG AuthTests:31 - ------------Debuging--------------
2026-05-05 22:58:55 INFO  AuthTests:32 - ===== Setup Data Started =====
2026-05-05 22:58:55 INFO  AuthTests:42 - Generated Email: yuki.block@gmail.com
2026-05-05 22:58:56 INFO  AuthTests:43 - Generated Password: Leesa46.0
2026-05-05 22:58:56 INFO  AuthTests:45 - ===== Setup Data Completed =====
2026-05-05 22:58:56 INFO  AuthTests:51 - ************* Creating User ***************
2026-05-05 22:58:58 INFO  AuthTests:55 - Request sent for user registration
2026-05-05 22:58:58 INFO  AuthTests:58 - Validating response for user creation
2026-05-05 22:58:58 INFO  AuthTests:63 - ************* User Created Successfully ***************
2026-05-05 22:58:58 INFO  BookingTests:52 - Payload Prepared:
2026-05-05 22:58:58 INFO  BookingTests:53 - Name: Felisa Hermiston DDS
2026-05-05 22:58:58 INFO  BookingTests:54 - Email: stephanie.stanton@yahoo.com
2026-05-05 22:58:58 INFO  BookingTests:55 - Phone: +880105555337
2026-05-05 22:58:58 INFO  BookingTests:56 - Quantity: 3
2026-05-05 22:58:58 INFO  BookingTests:58 - ===== Booking Test Setup Completed =====
2026-05-05 22:58:58 INFO  BookingTests:65 - ************* Create Booking Test Started *************
2026-05-05 22:58:58 INFO  BookingTests:68 - Using Bearer Token: eyJhbGciOiJIUzI1NiIsInR5cCI6IkpXVCJ9.eyJ1c2VySWQiOjc3NDcsImVtYWlsIjoibG9yaWEuYm9naXNpY2hAaG90bWFpbC5jb20iLCJpYXQiOjE3NzgwMDAzMzMsImV4cCI6MTc3ODYwNTEzM30.W8chdnI3Ru1QBJN_PhW2fUi1d0lZLSRsnd8IsgpK2r0
2026-05-05 22:58:58 INFO  BookingTests:72 - Create booking request sent
2026-05-05 22:58:58 INFO  BookingTests:75 - Validating create booking response
2026-05-05 22:58:58 INFO  AuthTests:69 - ************* Response Json validate successfully ***************
2026-05-05 22:58:58 INFO  BookingTests:83 - Booking Created Successfully
2026-05-05 22:58:58 INFO  BookingTests:84 - Booking ID: 29947
2026-05-05 22:58:58 INFO  BookingTests:85 - Booking Ref: W-QJY4UZ
2026-05-05 22:58:58 INFO  BookingTests:87 - ************* Create Booking Test Completed *************
2026-05-05 22:58:58 INFO  AuthTests:75 - ************* Logging in User ***************
2026-05-05 22:58:58 INFO  BookingTests:94 - ************* Read Booking By ID Test Started *************
2026-05-05 22:58:58 INFO  BookingTests:97 - Using Bearer Token: eyJhbGciOiJIUzI1NiIsInR5cCI6IkpXVCJ9.eyJ1c2VySWQiOjc3NDcsImVtYWlsIjoibG9yaWEuYm9naXNpY2hAaG90bWFpbC5jb20iLCJpYXQiOjE3NzgwMDAzMzMsImV4cCI6MTc3ODYwNTEzM30.W8chdnI3Ru1QBJN_PhW2fUi1d0lZLSRsnd8IsgpK2r0
2026-05-05 22:58:58 INFO  BookingTests:98 - Booking ID: 29947
2026-05-05 22:58:59 INFO  AuthTests:79 - Login request sent
2026-05-05 22:58:59 INFO  AuthTests:82 - Validating login response
2026-05-05 22:58:59 INFO  AuthTests:90 - Bearer Token Generated: eyJhbGciOiJIUzI1NiIsInR5cCI6IkpXVCJ9.eyJ1c2VySWQiOjc3NDgsImVtYWlsIjoieXVraS5ibG9ja0BnbWFpbC5jb20iLCJpYXQiOjE3NzgwMDAzMzQsImV4cCI6MTc3ODYwNTEzNH0.7tWl5YhqcDFbSUZfVtE957dCg5ow6yOq5wYw-NA_UqA
2026-05-05 22:58:59 INFO  AuthTests:91 - ************* User Login Successful ***************
2026-05-05 22:58:59 INFO  AuthTests:98 - ************* Authenticating User ***************
2026-05-05 22:58:59 INFO  AuthTests:100 - Using Bearer Token: eyJhbGciOiJIUzI1NiIsInR5cCI6IkpXVCJ9.eyJ1c2VySWQiOjc3NDgsImVtYWlsIjoieXVraS5ibG9ja0BnbWFpbC5jb20iLCJpYXQiOjE3NzgwMDAzMzQsImV4cCI6MTc3ODYwNTEzNH0.7tWl5YhqcDFbSUZfVtE957dCg5ow6yOq5wYw-NA_UqA
2026-05-05 22:58:59 INFO  BookingTests:102 - Read booking by ID request sent
2026-05-05 22:58:59 INFO  BookingTests:105 - Validating response
2026-05-05 22:58:59 INFO  BookingTests:109 - ************* Read Booking By ID Test Completed *************
2026-05-05 22:58:59 INFO  BookingTests:116 - ************* Read Booking By Ref Test Started *************
2026-05-05 22:58:59 INFO  BookingTests:119 - Using Bearer Token: eyJhbGciOiJIUzI1NiIsInR5cCI6IkpXVCJ9.eyJ1c2VySWQiOjc3NDcsImVtYWlsIjoibG9yaWEuYm9naXNpY2hAaG90bWFpbC5jb20iLCJpYXQiOjE3NzgwMDAzMzMsImV4cCI6MTc3ODYwNTEzM30.W8chdnI3Ru1QBJN_PhW2fUi1d0lZLSRsnd8IsgpK2r0
2026-05-05 22:58:59 INFO  BookingTests:120 - Booking Ref: W-QJY4UZ
2026-05-05 22:59:00 INFO  AuthTests:104 - Authentication request sent
2026-05-05 22:59:00 INFO  AuthTests:107 - Validating authentication response
2026-05-05 22:59:00 INFO  AuthTests:113 - ************* User Authentication Successful ***************
2026-05-05 22:59:00 INFO  BookingTests:124 - Read booking by reference request sent
2026-05-05 22:59:00 INFO  BookingTests:127 - Validating response
2026-05-05 22:59:00 INFO  BookingTests:131 - ************* Read Booking By Ref Test Completed *************
2026-05-05 22:59:00 INFO  BookingTests:138 - ************* Delete Booking Test Started *************
2026-05-05 22:59:00 INFO  BookingTests:141 - Using Bearer Token: eyJhbGciOiJIUzI1NiIsInR5cCI6IkpXVCJ9.eyJ1c2VySWQiOjc3NDcsImVtYWlsIjoibG9yaWEuYm9naXNpY2hAaG90bWFpbC5jb20iLCJpYXQiOjE3NzgwMDAzMzMsImV4cCI6MTc3ODYwNTEzM30.W8chdnI3Ru1QBJN_PhW2fUi1d0lZLSRsnd8IsgpK2r0
2026-05-05 22:59:00 INFO  BookingTests:142 - Booking ID to delete: 29947
2026-05-05 22:59:01 INFO  BookingTests:146 - Delete booking request sent
2026-05-05 22:59:01 INFO  BookingTests:149 - Validating delete response
2026-05-05 22:59:01 INFO  BookingTests:155 - Booking Deleted Successfully
2026-05-05 22:59:01 INFO  BookingTests:157 - ************* Delete Booking Test Completed *************
